[shreytrivedi.com/index.html]
[backblue.gif]
[fade.gif]
[index.html]
[framerusercontent.com/images/nIW0AaJo78r4XaoA2LKrwqX2I.png]
[framerusercontent.com/assets/yBtlrm5QvVUaugiMmmbaeKEMc.jpg]
[framerusercontent.com/images/Ms6pQ41DUr7PBWtFCUrMUXxHxco.png]
[framerusercontent.com/images/LPShgBt0sQRxCcqmjdtxLwEv4.png]
[framerusercontent.com/images/rR6HYXBrMmX4cRpXfXUOvpvpB0.png]
[shreytrivedi.com/about.html]
[shreytrivedi.com/casestudy3.html]
[framerusercontent.com/images/BYtUqONyTeWos5ugZtgM2rz3a4.png]
[shreytrivedi.com/instinet.html]
[framerusercontent.com/images/zbrsW2FkGqDaifSbE7QPk8Ug8.png]
[shreytrivedi.com/casestudy1.html]
[framerusercontent.com/images/p0k1blzFvCzPwpLGwG1tuHHyo.png]
[framerusercontent.com/images/XO2gAu5YIrJW9aExrS3c7fjHNXU.png]
[framerusercontent.com/images/sy7F7OKSHZZzoBHKP6RGEsbcYKo.png]
[shreytrivedi.com/casestudy2.html]
[framerusercontent.com/images/hhc6xPAEND4bT4ce2uO6AnJiok.png]
[framerusercontent.com/images/jlSvr4NKPOOFlXcDr0YJuboRWoY.png]
[framerusercontent.com/images/bZZydekn9hZlTFRbHldqGQyC0.png]
[framerusercontent.com/images/iupB1hboufH8kBChASeFsb8O94.png]
[framerusercontent.com/images/XWuz04EBXdaJZLvQtyB0AQwzIU.png]
[framerusercontent.com/images/lA36yn7xIUfca2HEHW9oL2b4a2M.jpg]
[framerusercontent.com/images/NQdSnn5ftKGBTWWVjTZ9WCWdQ.png]
[framerusercontent.com/images/RRYAznw6THwSQh2lwgBuyTvy1Q.png]
[framerusercontent.com/images/gXDNSZmPuNhDnCJCln5S56U2ToY.png]
[framerusercontent.com/images/DY4poMAo7HhZwCDv0pJkBXlu8I4.jpg]
[framerusercontent.com/images/buWtw2LJSZdEy4kyY6uKFBf6Y.png]
[framerusercontent.com/images/qUwIHhDV9gdFoHa4ITtPND1jujs.png]
[framerusercontent.com/images/gE4iINvJTO7cNffkmNU2yYb3Q.png]
[framerusercontent.com/images/uNIVY4orftSglVHIbHcykyo7is4.png]
[framerusercontent.com/images/9y4Xm4TQSSwYmnb8nVkVYHSoHA.png]
[framerusercontent.com/images/uNIVY4orftSglVHIbHcykyo7is4bf23.png]
[framerusercontent.com/images/GNkcCYyPw5eOalHBrTuV6679gI.png]
[framerusercontent.com/images/DTQ0pRaPE5RY39aQOg8NLeN3Y.png]
[framerusercontent.com/images/3nhJMn0EQRz6ueaiiBLsvCbkTU.jpg]
[framerusercontent.com/images/YtR9ropeZ0VieDPgbcQXc0UOp4.jpg]
[framerusercontent.com/images/ixMcGN49Hf9rtIUg2IXi2GUyM.jpg]
[framerusercontent.com/images/PMI8OoBan098sxr9rrTGQfAM7k.png]
[shreytrivedi.com/index.html]
[framerusercontent.com/assets/Bdfu4UP6B6BYtXmgDvkZKu9sU94.png]
[framerusercontent.com/images/S3kGKXRvAQlb3KG2hNYX4n2tc.png]
[framerusercontent.com/images/BwfX8G6n0XFRatvmZKlqPXZ2yo.png]
[framerusercontent.com/images/bSAIH50GuKllVeEhfplmimZQva8.png]
[framerusercontent.com/images/9gWE9h5zLVkCglOgFR2qXvVEGow.png]
[framerusercontent.com/images/4Uo3AiLB6a1ppEm6cmbmRA1Qc.png]
[framerusercontent.com/images/BqxOxXo5AHL1GiCbbhn8mH8Y.png]
[framerusercontent.com/images/NuIwVpib9LWflQanGblD3rmFFc.png]
[framerusercontent.com/images/bcQypPBrz8GTVRepDfPqW9yY5MY.jpg]
[framerusercontent.com/images/LP6Q8JE7Ftor4BTOTNHoPjm2AM.png]
[framerusercontent.com/images/PIAEoPO1L2USMDBKF0Qb1vLK0.jpg]
[framerusercontent.com/images/y508lVziUqHPP4LfBmyKUfhU.jpg]
[framerusercontent.com/images/p2uCDKd1M8kX8W9yDhMqQgW2QFs.jpg]
[framerusercontent.com/images/85qWcIKcHZQdJMF1MObMDaqVN5I.jpg]
[framerusercontent.com/images/Is7NgCLNFPtnaVMStyCEdXdFxM.jpg]
[framerusercontent.com/images/NEaojzTEYkk9VJxSTlWSkr6Ypbs.jpg]
[framerusercontent.com/images/uVharLShxJ8WtjydiG0U8W0gU.jpg]
[framerusercontent.com/images/XrnlklbUBgos2yItRwkSZ28b0k.jpg]
[framerusercontent.com/images/Vcy7aCbBmGSviunWnrhsEJCg.jpg]
[framerusercontent.com/images/NEH6OegECGFbT1hEV4MCkarRI8U.jpg]
[framerusercontent.com/images/715OgKotrR9ZVBKspAlQfKTYipU.jpg]
[framerusercontent.com/images/gv4PCN55oNvemQhDF0O2u5BmW3w.png]
[framerusercontent.com/images/UnKRmRqUxyorwDohPJkBEumHw.jpg]
[framerusercontent.com/images/XESrcBbD8Cc2YGtK2ZhqFJXWUo.jpg]
[framerusercontent.com/images/r3XV2gQKV492mxfulpFv8LVSms.jpg]
[shreytrivedi.com/about.html]
[framerusercontent.com/assets/rjhfTsD8Qoj8w1hCioeECKrdmSU.png]
[framerusercontent.com/images/88iPPOMUXExKM0tXmUVHt1PWx0.png]
[framerusercontent.com/images/Yo8wWUgYDHUbLXE61JVBKVRCsFU.png]
[framerusercontent.com/images/rwWUKSs0lX4FNb61ceCFBpkqRyI.png]
[framerusercontent.com/images/tYF5aJD5qIqmczBueWzYGPFhzYg.png]
[framerusercontent.com/images/RNdA09wJvKos27qkZKIs5cW9H8.png]
[framerusercontent.com/images/aB6KBpjSj5jyTnE1Lv3mzYhnOE.png]
[framerusercontent.com/images/SZ8A9Idy9V3SGFCT655WYwQrLU.png]
[framerusercontent.com/images/mO0QjlxazhrAtUUuNDPXbuimOw.png]
[framerusercontent.com/images/xGwuFGekPclTZCX2J7AdKuPBA.png]
[framerusercontent.com/images/qnJzIeOfpaJJlk4ZsiGTnNddew.png]
[framerusercontent.com/images/zOhGkqz1nFvWlHGE7G4HyfbNRdE.png]
[framerusercontent.com/images/O7oFe8PQFQXrMoB3bL1XrqrKI9I.png]
[framerusercontent.com/images/ulQr6DGXpkv5h9iJAUn5z9Zm8.png]
[framerusercontent.com/images/5jXqIQoq9ZlX87hwS5pTTDFSjQ.png]
[framerusercontent.com/images/ycYIQ8BMx9j8lOej8WFx6iYns.png]
[framerusercontent.com/images/My4MgUiFYLoaabqwE6x8GNRFYCo.png]
[framerusercontent.com/images/PW41MeaRGhO7dT4VcrH0OC4IY0.png]
[framerusercontent.com/images/gU08oCmHP75ycfk187PxDjytGMk.png]
[framerusercontent.com/images/lJ9b9tt1cnj7wIwSFsZ8kzVghM.png]
[framerusercontent.com/images/LjFc5q9gW5JNMrs6DfUxI2upty0.png]
[framerusercontent.com/images/1IbSzPpFxUmhOUvwL9UxlRIoBI0.png]
[framerusercontent.com/images/ogiwIlWsgEGBnW9JNicOJp4Lgo.png]
[framerusercontent.com/images/oGHaaliFmu1xBAmCjPIZKgmzKug.png]
[framerusercontent.com/images/F1RMbzvvpzHekrfhCKtZXcMctA.png]
[framerusercontent.com/images/Ts979l97EPgJPdWrPZUSQFse3sw.png]
[framerusercontent.com/images/LYN4eJFx7WpKQ3N16WqkgxbSS9g.png]
[framerusercontent.com/images/KphxJF6pMN0qrlQV8pbfPKVFUU.png]
[framerusercontent.com/images/OT1iMozVtJgH5tXK6LJftOfugUA.png]
[shreytrivedi.com/casestudy3.html]
[framerusercontent.com/images/ZNizFTgAL2n7haNqSzs84Mmsm8.png]
[framerusercontent.com/images/5CddxxxLiNGnwS3wWiegwmFNuQ.png]
[framerusercontent.com/images/HvKmSLxbQqR9HE3NYL4GXKqcL3E.png]
[framerusercontent.com/images/EX6etWhyzKtuGBImszY8gKaYyyk.jpg]
[shreytrivedi.com/instinet.html]
[framerusercontent.com/assets/PgXbG7tVy58Nep6L0hafkFyaA.png]
[framerusercontent.com/images/QLPHkrpqtHsEnFAAcXVeRcLSk.png]
[framerusercontent.com/images/UDtGyxoJUew1phzdY6Q5dcrF09g.png]
[framerusercontent.com/images/fKOCSux1FZwbxnorMHlG7a8QDs.png]
[framerusercontent.com/images/VOStDBJSWu69NureS75cGA2KQog.png]
[framerusercontent.com/images/u6c3Oby1pctzhjViF7iERHsjy4U.png]
[framerusercontent.com/images/lOSpF7jYhQ8Wzhv3ssIBciUtzRg.png]
[framerusercontent.com/images/EsYEULd4Lh1MKzDKZv2PfN6FW2E.png]
[framerusercontent.com/images/LdoenGX2QxM7mdfUeBi0NEaIpCU.png]
[framerusercontent.com/images/nAdYnw2USBw6MDojYphbpEnmt3s.gif]
[framerusercontent.com/images/RgHD39UjhsjY3RIriHTr8eDwiOc.png]
[shreytrivedi.com/casestudy1.html]
[framerusercontent.com/images/JxTivMpCSCszCrn2dRXW9V507jA.png]
[framerusercontent.com/images/AQhKMCodfiV6lHWSXfrQ4LMhGpw.png]
[framerusercontent.com/images/KSByxpB6B1ClwWAF6nJDF6kJgH8.png]
[framerusercontent.com/images/Majv5J6abDuZBbbNeBnKs0VMpNM.png]
[framerusercontent.com/images/9svHMwGFBzTchBgjGIhX0mRFaY.png]
[framerusercontent.com/images/pCAstkxXyArSOEWUd8pHKzgMx6k.png]
[framerusercontent.com/images/aamwusaPQRiYrLQcKISt9orZOY.png]
[framerusercontent.com/images/HvboDSE5mKGZvwlewRBiNF868A.png]
[framerusercontent.com/images/TIf84YvhD7sCBamCpcH0XIBiw.png]
[framerusercontent.com/images/GTXmU8jF0XiVEOzJaAZfkn82w.png]
[framerusercontent.com/images/tqYKnltqj0KXJgYGVwzUH0DUp4.png]
[framerusercontent.com/images/3oVAP21tcIE6OiXvXsoNe3LY7U.png]
[framerusercontent.com/images/hbAS3OA355d7UtAwJAhI5sGuQc.png]
[framerusercontent.com/images/Y6Htedlg2LgK4OgGB1z4YPYEeLY.png]
[framerusercontent.com/images/TeIv7J3NJZ2MIIyrPUctOsfFkA.png]
[framerusercontent.com/images/QU8Rmlj0nfC1UiwU41Qxj9RL0.png]
[framerusercontent.com/images/d91vrzhdvLpe4JW61557Ig3jHvc.png]
[framerusercontent.com/images/VHjmQhCwPhg6tWAKa1wkhEr8dSk.png]
[framerusercontent.com/images/dHvfrFdpEw1Cf1HhT7oDliQS8.png]
[framerusercontent.com/images/OL0TV27TltD0Md5dy6Eg4IaPFQ.png]
[framerusercontent.com/images/8Bq1jwbqbwZLw2GqHjayvpcBU.png]
[framerusercontent.com/images/EBhcJuLSFwxU4LUvDzTwZF8TJcs.png]
[framerusercontent.com/images/qez8QPLm4uproJ3anmOc5AqL0.png]
[framerusercontent.com/images/j8LtWSFfaOlafIpTNwh8IvwcMCQ.png]
[framerusercontent.com/images/akGovxxsWjfPot6cQ1Sug2G71gk.png]
[framerusercontent.com/images/WWUP3ECctkfxkG7JKRoxtU5RM8.png]
[shreytrivedi.com/casestudy2.html]
